exports[`CheckBox has correct checked=true rendering 1`] = `
<label
  aria-label="Test CheckBox"
  className="grommetux-check-box">
  <span>
    <input
      checked={true}
      className="grommetux-check-box__input"
      disabled={undefined}
      id="test"
      name={undefined}
      onChange={undefined}
      tabIndex="0"
      type="checkbox" />
    <span
      className="grommetux-check-box__control">
      <svg
        className="grommetux-check-box__control-check"
        preserveAspectRatio="xMidYMid meet"
        viewBox="0 0 24 24">
        <path
          d="M6,11.3 L10.3,16 L18,6.2"
          fill="none" />
      </svg>
    </span>
  </span>
  <label
    className="grommetux-check-box__label"
    htmlFor="test">
    Test CheckBox
  </label>
</label>
`;

exports[`CheckBox has correct className rendering 1`] = `
<label
  aria-label="Test CheckBox"
  className="grommetux-check-box testing">
  <span>
    <input
      checked={undefined}
      className="grommetux-check-box__input"
      disabled={undefined}
      id="test"
      name={undefined}
      onChange={undefined}
      tabIndex="0"
      type="checkbox" />
    <span
      className="grommetux-check-box__control">
      <svg
        className="grommetux-check-box__control-check"
        preserveAspectRatio="xMidYMid meet"
        viewBox="0 0 24 24">
        <path
          d="M6,11.3 L10.3,16 L18,6.2"
          fill="none" />
      </svg>
    </span>
  </span>
  <label
    className="grommetux-check-box__label"
    htmlFor="test">
    Test CheckBox
  </label>
</label>
`;

exports[`CheckBox has correct default options 1`] = `
<label
  aria-label="Test CheckBox"
  className="grommetux-check-box">
  <span>
    <input
      checked={undefined}
      className="grommetux-check-box__input"
      disabled={undefined}
      id="test"
      name={undefined}
      onChange={undefined}
      tabIndex="0"
      type="checkbox" />
    <span
      className="grommetux-check-box__control">
      <svg
        className="grommetux-check-box__control-check"
        preserveAspectRatio="xMidYMid meet"
        viewBox="0 0 24 24">
        <path
          d="M6,11.3 L10.3,16 L18,6.2"
          fill="none" />
      </svg>
    </span>
  </span>
  <label
    className="grommetux-check-box__label"
    htmlFor="test">
    Test CheckBox
  </label>
</label>
`;

exports[`CheckBox has correct disabled=true rendering 1`] = `
<label
  aria-label="Test CheckBox"
  className="grommetux-check-box grommetux-check-box--disabled">
  <span>
    <input
      checked={undefined}
      className="grommetux-check-box__input"
      disabled={true}
      id="test"
      name={undefined}
      onChange={undefined}
      tabIndex="0"
      type="checkbox" />
    <span
      className="grommetux-check-box__control">
      <svg
        className="grommetux-check-box__control-check"
        preserveAspectRatio="xMidYMid meet"
        viewBox="0 0 24 24">
        <path
          d="M6,11.3 L10.3,16 L18,6.2"
          fill="none" />
      </svg>
    </span>
  </span>
  <label
    className="grommetux-check-box__label"
    htmlFor="test">
    Test CheckBox
  </label>
</label>
`;

exports[`CheckBox has correct reverse=true rendering 1`] = `
<label
  aria-label="Test CheckBox"
  className="grommetux-check-box grommetux-check-box--reverse">
  <label
    className="grommetux-check-box__label"
    htmlFor="test">
    Test CheckBox
  </label>
  <span>
    <input
      checked={undefined}
      className="grommetux-check-box__input"
      disabled={undefined}
      id="test"
      name={undefined}
      onChange={undefined}
      tabIndex="0"
      type="checkbox" />
    <span
      className="grommetux-check-box__control">
      <svg
        className="grommetux-check-box__control-check"
        preserveAspectRatio="xMidYMid meet"
        viewBox="0 0 24 24">
        <path
          d="M6,11.3 L10.3,16 L18,6.2"
          fill="none" />
      </svg>
    </span>
  </span>
</label>
`;

exports[`CheckBox has correct toggle=true rendering 1`] = `
<label
  aria-label="Test CheckBox"
  className="grommetux-check-box grommetux-check-box--toggle">
  <span>
    <input
      checked={undefined}
      className="grommetux-check-box__input"
      disabled={undefined}
      id="test"
      name={undefined}
      onChange={undefined}
      tabIndex="0"
      type="checkbox" />
    <span
      className="grommetux-check-box__control">
      <svg
        className="grommetux-check-box__control-check"
        preserveAspectRatio="xMidYMid meet"
        viewBox="0 0 24 24">
        <path
          d="M6,11.3 L10.3,16 L18,6.2"
          fill="none" />
      </svg>
    </span>
  </span>
  <label
    className="grommetux-check-box__label"
    htmlFor="test">
    Test CheckBox
  </label>
</label>
`;
