exports[`Headline has correct default options 1`] = `
<div
  className="grommetux-headline"
  data-flavor="coconut">
  Testing
</div>
`;
