exports[`Layer has correct default options 1`] = `
<span
  style={
    Object {
      "display": "none",
    }
  } />
`;
