exports[`RadioButton has correct default options 1`] = `
<label
  className="grommetux-radio-button">
  <input
    checked={true}
    className="grommetux-radio-button__input"
    id="choice"
    name="choice"
    type="radio" />
  <span
    className="grommetux-radio-button__control" />
  <label
    className="grommetux-radio-button__label"
    htmlFor="choice">
    Choice
  </label>
</label>
`;
