exports[`WorldMap has correct default options 1`] = `
<svg
  className="grommetux-world-map"
  preserveAspectRatio="xMidYMid meet"
  version="1.1"
  viewBox="0 0 940 460"
  width="940px">
  <g
    fill="none"
    fillRule="evenodd"
    stroke="none">
    <g
      className="grommetux-world-map__continent grommetux-color-index-graph-0">
      <path
        d="M790,330 h0 M770,340 h0 m10,0 h0 m10,0 h0 m10,0 h0 m10,0 h0 m10,0 h0 M750,350 h0 m10,0 h0 m10,0 h0 m10,0 h0 m10,0 h0 m10,0 h0 m10,0 h0 m10,0 h0 m10,0 h0 M750,360 h0 m10,0 h0 m10,0 h0 m10,0 h0 m10,0 h0 m10,0 h0 m10,0 h0 m10,0 h0 m10,0 h0 m10,0 h0 M750,370 h0 m10,0 h0 m10,0 h0 m10,0 h0 m10,0 h0 m10,0 h0 m10,0 h0 m10,0 h0 m10,0 h0 m10,0 h0 M750,380 h0 m10,0 h0 m10,0 h0 M800,380 h0 m10,0 h0 m10,0 h0 m10,0 h0 m10,0 h0 M800,390 h0 m10,0 h0 m10,0 h0 m10,0 h0 M900,400 h0 M890,410 h0 M880,420 h0" />
    </g>
  </g>
</svg>
`;
